[backblue.gif]
[fade.gif]
[index.html]
[www.consulatalgeriemontreal.com/rendez-vous/js/jquery-1.9.0.min.js]
[www.consulatalgeriemontreal.com/rendez-vous/js/jquery-migrate-1.2.1.js]
[www.consulatalgeriemontreal.com/rendez-vous/js/jquery.dd.js]
[www.consulatalgeriemontreal.com/rendez-vous/js/main.js]
[www.consulatalgeriemontreal.com/rendez-vous/js/wp.js]
[www.consulatalgeriemontreal.com/rendez-vous/js/jquery-ui-1.8.20.custom.min.js]
[www.consulatalgeriemontreal.com/rendez-vous/js/jquery.colorbox.js]
[www.consulatalgeriemontreal.com/rendez-vous/js/spinner.js]
[www.consulatalgeriemontreal.com/rendez-vous/images/NEW-01.png]
[www.consulatalgeriemontreal.com/rendez-vous/check.png]
[www.consulatalgeriemontreal.com/rendez-vous/index.html]
[www.consulatalgeriemontreal.com/rendez-vous/images/bg1.png]
[www.consulatalgeriemontreal.com/rendez-vous/images/header_bg_all.png]
[www.consulatalgeriemontreal.com/rendez-vous/images/header_bg.png]
[www.consulatalgeriemontreal.com/rendez-vous/images/login_bg.png]
[www.consulatalgeriemontreal.com/rendez-vous/images/login_button.png]
[www.consulatalgeriemontreal.com/rendez-vous/images/bg3.png]
[www.consulatalgeriemontreal.com/rendez-vous/images/footer-bkg.jpg]
[www.consulatalgeriemontreal.com/rendez-vous/images/footer-top-shadow.png]
[www.consulatalgeriemontreal.com/rendez-vous/images/sub-footer-bkg.gif]
[www.consulatalgeriemontreal.com/rendez-vous/images/adj2cbg.png]
[www.consulatalgeriemontreal.com/rendez-vous/images/content_bg.png]
[www.consulatalgeriemontreal.com/rendez-vous/images/footer_bg.png]
[www.consulatalgeriemontreal.com/rendez-vous/images/bg_center.jpg]
[www.consulatalgeriemontreal.com/rendez-vous/images/content-bkg.gif]
[www.consulatalgeriemontreal.com/rendez-vous/images/content-top-shadow.png]
[www.consulatalgeriemontreal.com/rendez-vous/images/arrow_left.jpg]
[www.consulatalgeriemontreal.com/rendez-vous/images/arrow_left_on.jpg]
[www.consulatalgeriemontreal.com/rendez-vous/images/arrow_right.jpg]
[www.consulatalgeriemontreal.com/rendez-vous/images/arrow_right_on.jpg]
[www.consulatalgeriemontreal.com/rendez-vous/images/new/form_bg.png]
[www.consulatalgeriemontreal.com/rendez-vous/images/new/title_bg.png]
[www.consulatalgeriemontreal.com/rendez-vous/images/new/tab_bg.png]
[www.consulatalgeriemontreal.com/rendez-vous/images/new/radio_bg.png]
[www.consulatalgeriemontreal.com/rendez-vous/images/book.png]
[www.consulatalgeriemontreal.com/rendez-vous/images/new/clock.png]
[www.consulatalgeriemontreal.com/rendez-vous/images/button_bg.png]
[www.consulatalgeriemontreal.com/rendez-vous/images/button_add_bg.png]
[www.consulatalgeriemontreal.com/rendez-vous/images/button_bg_long.png]
[www.consulatalgeriemontreal.com/rendez-vous/images/forgot_save_btn.png]
[www.consulatalgeriemontreal.com/rendez-vous/images/sep.jpg]
[www.consulatalgeriemontreal.com/rendez-vous/images/events_list_icons.png]
[www.consulatalgeriemontreal.com/rendez-vous/images/lock.png]
[www.consulatalgeriemontreal.com/rendez-vous/images/pop_up_top_separator.png]
[www.consulatalgeriemontreal.com/rendez-vous/images/new/clock1.png]
[www.consulatalgeriemontreal.com/rendez-vous/images/new/calendar.png]
[www.consulatalgeriemontreal.com/rendez-vous/images/adj_admin_header_test1.png]
[www.consulatalgeriemontreal.com/rendez-vous/images/adj_admin_header_bg_test1.png]
[www.consulatalgeriemontreal.com/rendez-vous/images/adj_admin_drop_down_arrow.png]
[www.consulatalgeriemontreal.com/rendez-vous/images/test_menu_3_bg.png]
[www.consulatalgeriemontreal.com/rendez-vous/images/adj_menu_4_list_separator.png]
[www.consulatalgeriemontreal.com/rendez-vous/images/adj_se_nav.png]
[www.consulatalgeriemontreal.com/rendez-vous/images/adj_se_nav_hover_to_sprite_later.png]
[www.consulatalgeriemontreal.com/rendez-vous/images/adj_cp.png]
[www.consulatalgeriemontreal.com/rendez-vous/images/adj_cp_hover.png]
[www.consulatalgeriemontreal.com/rendez-vous/images/adj_cm.png]
[www.consulatalgeriemontreal.com/rendez-vous/images/adj_cm_hover.png]
[www.consulatalgeriemontreal.com/rendez-vous/images/del_item.png]
[www.consulatalgeriemontreal.com/rendez-vous/images/adj2_new_long_button.png]
[www.consulatalgeriemontreal.com/rendez-vous/images/checked.png]
[www.consulatalgeriemontreal.com/rendez-vous/images/loading.gif]
[www.consulatalgeriemontreal.com/rendez-vous/css/bs-admin.css]
[www.consulatalgeriemontreal.com/styles.html]
[www.consulatalgeriemontreal.com/rendez-vous/images/drop_down3.png]
[www.consulatalgeriemontreal.com/rendez-vous/css/dd.css]
[www.consulatalgeriemontreal.com/rendez-vous/images/spin.png]
[www.consulatalgeriemontreal.com/rendez-vous/images/drop_down4.png]
[www.consulatalgeriemontreal.com/rendez-vous/css/dropdown-skins.css]
[www.consulatalgeriemontreal.com/rendez-vous/css/redmond/images/ui-bg_inset-hard_100_fcfdfd_1x100.png]
[www.consulatalgeriemontreal.com/rendez-vous/css/redmond/images/ui-bg_gloss-wave_55_5c9ccc_500x100.png]
[www.consulatalgeriemontreal.com/rendez-vous/css/redmond/images/ui-bg_glass_85_dfeffc_1x400.png]
[www.consulatalgeriemontreal.com/rendez-vous/css/redmond/images/ui-bg_glass_75_d0e5f5_1x400.png]
[www.consulatalgeriemontreal.com/rendez-vous/css/redmond/images/ui-bg_inset-hard_100_f5f8f9_1x100.png]
[www.consulatalgeriemontreal.com/rendez-vous/css/redmond/images/ui-bg_flat_55_fbec88_40x100.png]
[www.consulatalgeriemontreal.com/rendez-vous/css/redmond/images/ui-bg_glass_95_fef1ec_1x400.png]
[www.consulatalgeriemontreal.com/rendez-vous/css/redmond/images/ui-icons_469bdd_256x240.png]
[www.consulatalgeriemontreal.com/rendez-vous/css/redmond/images/ui-icons_d8e7f3_256x240.png]
[www.consulatalgeriemontreal.com/rendez-vous/css/redmond/images/ui-icons_6da8d5_256x240.png]
[www.consulatalgeriemontreal.com/rendez-vous/css/redmond/images/ui-icons_217bc0_256x240.png]
[www.consulatalgeriemontreal.com/rendez-vous/css/redmond/images/ui-icons_f9bd01_256x240.png]
[www.consulatalgeriemontreal.com/rendez-vous/css/redmond/images/ui-icons_2e83ff_256x240.png]
[www.consulatalgeriemontreal.com/rendez-vous/css/redmond/images/ui-icons_cd0a0a_256x240.png]
[www.consulatalgeriemontreal.com/rendez-vous/css/redmond/images/ui-bg_flat_0_aaaaaa_40x100.png]
[www.consulatalgeriemontreal.com/rendez-vous/css/redmond/jquery-ui-1.8.20.custom.css]
[www.consulatalgeriemontreal.com/rendez-vous/css/images/controls.png]
[www.consulatalgeriemontreal.com/rendez-vous/css/images/loading.gif]
[www.consulatalgeriemontreal.com/rendez-vous/css/colorbox.css]
[www.consulatalgeriemontreal.com/images/bg.html]
[www.consulatalgeriemontreal.com/rendez-vous/index6181.html]
[www.consulatalgeriemontreal.com/rendez-vous/index5582.html]
[www.consulatalgeriemontreal.com/rendez-vous/index7722.html]
[www.consulatalgeriemontreal.com/rendez-vous/css/PIE.html]
[www.consulatalgeriemontreal.com/rendez-vous/css/PIE-2.html]
